Reproduced ablation_compact_hab
Reproduced ablation_rgb
Reproduced ablation_visible_rededge_nir
Reproduced baseline_B3B2
Reproduced baseline_B8AB4
Reproduced baseline_DeepLabV3_ResNet18
Reproduced baseline_FAI
Reproduced baseline_LogisticRegression
Reproduced baseline_NDCI
Reproduced baseline_NDVI
Reproduced baseline_RandomForest
Reproduced baseline_SmallSegCNN
Reproduced deep_focal
Reproduced deep_weighted
Reproduced lr_balanced
Reproduced lr_weighted
Reproduced rf_balanced
Reproduced rf_weighted
Reproduced small_focal
Reproduced small_weighted
